VERSION: 1
..\viewer\FileBrowser.java,68,76,com.softhub.ts.FileBrowser$MouseAdapter
..\viewer\FileBrowser.java,14,78,com.softhub.ts.FileBrowser
OpStack.java,8,46,com.softhub.ps.OpStack
dl\StrokeCommand.java,11,21,com.softhub.ps.dl.StrokeCommand
..\viewer\PageTray.java,15,180,com.softhub.ts.PageTray
MatrixOp.java,21,281,com.softhub.ps.MatrixOp
MiscOp.java,15,238,com.softhub.ps.MiscOp
CharSequenceType.java,12,74,com.softhub.ps.CharSequenceType
filter\AbstractCodec.java,11,58,com.softhub.ps.filter.AbstractCodec
device\DefaultBitmap.java,13,50,com.softhub.ps.device.DefaultBitmap
MarkType.java,8,38,com.softhub.ps.MarkType
device\PageEvent.java,8,33,com.softhub.ps.device.PageEvent
ControlOp.java,318,355,com.softhub.ps.ControlOp$ForActionOp
ControlOp.java,255,273,com.softhub.ps.ControlOp$RepeatOp
ControlOp.java,92,110,com.softhub.ps.ControlOp$StoppedOp
ControlOp.java,112,122,com.softhub.ps.ControlOp$StoppedActionOp
ControlOp.java,142,159,com.softhub.ps.ControlOp$LoopOp
ControlOp.java,296,316,com.softhub.ps.ControlOp$ForOp
ControlOp.java,357,377,com.softhub.ps.ControlOp$QuitOp
ControlOp.java,275,294,com.softhub.ps.ControlOp$RepeatActionOp
ControlOp.java,161,175,com.softhub.ps.ControlOp$LoopActionOp
ControlOp.java,177,204,com.softhub.ps.ControlOp$ForallOp
ControlOp.java,206,227,com.softhub.ps.ControlOp$ArrayForallActionOp
ControlOp.java,124,140,com.softhub.ps.ControlOp$IfOp
ControlOp.java,10,379,com.softhub.ps.ControlOp
ControlOp.java,229,253,com.softhub.ps.ControlOp$DictForallActionOp
ImageOp.java,11,201,com.softhub.ps.ImageOp
RealType.java,8,53,com.softhub.ps.RealType
device\CacheDevice.java,19,208,com.softhub.ps.device.CacheDevice
Interpreter.java,33,670,com.softhub.ps.Interpreter
NewFilterType.java,14,60,com.softhub.ps.NewFilterType
NewFilterType.java,26,58,com.softhub.ps.NewFilterType$FilterNode
..\viewer\URLDialog.java,11,44,com.softhub.ts.URLDialog
filter\RunLengthCodec.java,10,67,com.softhub.ps.filter.RunLengthCodec
BoolOp.java,8,218,com.softhub.ps.BoolOp
util\CharStream.java,10,44,com.softhub.ps.util.CharStream
GStateOp.java,17,825,com.softhub.ps.GStateOp
device\PageDevice.java,10,79,com.softhub.ps.device.PageDevice
BoolType.java,8,63,com.softhub.ps.BoolType
VM.java,10,86,com.softhub.ps.VM
Scanner.java,10,389,com.softhub.ps.Scanner
StackOp.java,56,66,com.softhub.ps.StackOp$PopOp
StackOp.java,68,78,com.softhub.ps.StackOp$DupOp
StackOp.java,8,92,com.softhub.ps.StackOp
StackOp.java,80,90,com.softhub.ps.StackOp$ExchOp
GStack.java,8,23,com.softhub.ps.GStack
device\DisplayListDevice.java,123,136,com.softhub.ps.device.DisplayListDevice$DisplayState
device\DisplayListDevice.java,17,138,com.softhub.ps.device.DisplayListDevice
FontDecoder.java,13,39,com.softhub.ps.FontDecoder
image\RGBPixelSource.java,6,14,com.softhub.ps.image.RGBPixelSource
VMOp.java,8,103,com.softhub.ps.VMOp
image\PixelSourceFactory.java,6,68,com.softhub.ps.image.PixelSourceFactory
..\viewer\PageLayout.java,10,114,com.softhub.ts.PageLayout
CompositeType.java,34,77,com.softhub.ps.CompositeType$Node
CompositeType.java,8,79,com.softhub.ps.CompositeType
filter\ASCIIHexCodec.java,10,72,com.softhub.ps.filter.ASCIIHexCodec
util\Console.java,21,124,com.softhub.ps.util.Console
ArrayType.java,326,374,com.softhub.ps.ArrayType$ArrayNode
ArrayType.java,11,376,com.softhub.ps.ArrayType
ArrayType.java,310,324,com.softhub.ps.ArrayType$EnumElements
..\viewer\RegistrationDialog.java,12,99,com.softhub.ts.RegistrationDialog
SpecialFileType.java,10,24,com.softhub.ps.SpecialFileType
device\FontInfo.java,10,22,com.softhub.ps.device.FontInfo
FileOp.java,12,274,com.softhub.ps.FileOp
FontOp.java,14,273,com.softhub.ps.FontOp
Any.java,8,192,com.softhub.ps.Any
dl\ShapeCommand.java,13,29,com.softhub.ps.dl.ShapeCommand
dl\ReusedObject.java,19,54,com.softhub.ps.dl.ReusedObject
dl\ImageCommand.java,15,47,com.softhub.ps.dl.ImageCommand
FileType.java,12,662,com.softhub.ps.FileType
FileType.java,239,660,com.softhub.ps.FileType$FileNode
IntegerType.java,8,52,com.softhub.ps.IntegerType
util\Archive.java,17,58,com.softhub.ps.util.Archive
Type0Decoder.java,13,134,com.softhub.ps.Type0Decoder
Type1Decoder.java,555,572,com.softhub.ps.Type1Decoder$CharFilter
Type1Decoder.java,15,574,com.softhub.ps.Type1Decoder
Type3Decoder.java,13,61,com.softhub.ps.Type3Decoder
image\RGBSingleSourceDecoder.java,7,37,com.softhub.ps.image.RGBSingleSourceDecoder
GraphicsState.java,26,1780,com.softhub.ps.GraphicsState
device\DefaultPageDevice.java,15,258,com.softhub.ps.device.DefaultPageDevice
PathOp.java,201,231,com.softhub.ps.PathOp$Segment
PathOp.java,11,523,com.softhub.ps.PathOp
device\Device.java,16,65,com.softhub.ps.device.Device
..\viewer\GenericParameter.java,12,79,com.softhub.ts.GenericParameter
dl\ClipShape.java,14,40,com.softhub.ps.dl.ClipShape
image\CMYKMultipleSourceDecoder.java,7,46,com.softhub.ps.image.CMYKMultipleSourceDecoder
dl\ClipInit.java,14,44,com.softhub.ps.dl.ClipInit
image\GrayPixelSource.java,6,10,com.softhub.ps.image.GrayPixelSource
image\CMYKPixelSource.java,6,16,com.softhub.ps.image.CMYKPixelSource
image\RGBMultipleSourceDecoder.java,7,39,com.softhub.ps.image.RGBMultipleSourceDecoder
OperatorType.java,29,73,com.softhub.ps.OperatorType
device\NullDevice.java,20,100,com.softhub.ps.device.NullDevice
device\AbstractDevice.java,24,303,com.softhub.ps.device.AbstractDevice
device\AbstractDevice.java,286,301,com.softhub.ps.device.AbstractDevice$State
device\NullBitmap.java,11,42,com.softhub.ps.device.NullBitmap
filter\SubFileCodec.java,11,60,com.softhub.ps.filter.SubFileCodec
filter\ASCII85Codec.java,11,90,com.softhub.ps.filter.ASCII85Codec
filter\Codec.java,11,25,com.softhub.ps.filter.Codec
device\CacheEntry.java,8,50,com.softhub.ps.device.CacheEntry
FontIDType.java,8,55,com.softhub.ps.FontIDType
FilterType.java,35,91,com.softhub.ps.FilterType$FilterNode
FilterType.java,12,93,com.softhub.ps.FilterType
GStateType.java,8,48,com.softhub.ps.GStateType
StringType.java,286,366,com.softhub.ps.StringType$StringNode
StringType.java,11,368,com.softhub.ps.StringType
StringType.java,265,284,com.softhub.ps.StringType$EnumElements
NumberType.java,8,37,com.softhub.ps.NumberType
util\Parameter.java,11,35,com.softhub.ps.util.Parameter
dl\Pen.java,13,32,com.softhub.ps.dl.Pen
device\PageEventListener.java,8,12,com.softhub.ps.device.PageEventListener
ReflectionOperator.java,6,38,com.softhub.ps.ReflectionOperator
..\viewer\Viewer.java,16,490,com.softhub.ts.Viewer
..\viewer\Viewer.java,482,488,com.softhub.ts.Viewer$WindowAdapter
..\viewer\Applet.java,15,165,com.softhub.ts.Applet
ArithOp.java,18,373,com.softhub.ps.ArithOp
ArrayOp.java,10,112,com.softhub.ps.ArrayOp
ArrayOp.java,48,58,com.softhub.ps.ArrayOp$MarkOp
ArrayOp.java,60,73,com.softhub.ps.ArrayOp$ArrayEndOp
..\viewer\PageSizeDialog.java,13,78,com.softhub.ts.PageSizeDialog
image\CMYKSingleSourceDecoder.java,7,43,com.softhub.ps.image.CMYKSingleSourceDecoder
filter\BinaryCodec.java,11,78,com.softhub.ps.filter.BinaryCodec
..\viewer\GenericDialog.java,88,94,com.softhub.ts.GenericDialog$WindowAdapter
..\viewer\GenericDialog.java,12,96,com.softhub.ts.GenericDialog
ResourceOp.java,8,172,com.softhub.ps.ResourceOp
TypeOp.java,8,152,com.softhub.ps.TypeOp
EExecCodec.java,14,141,com.softhub.ps.EExecCodec
util\Cache.java,13,65,com.softhub.ps.util.Cache
Enumerable.java,10,40,com.softhub.ps.Enumerable
dl\Command.java,13,21,com.softhub.ps.dl.Command
..\viewer\GoToDialog.java,11,43,com.softhub.ts.GoToDialog
Types.java,8,27,com.softhub.ps.Types
dl\DisplayList.java,21,190,com.softhub.ps.dl.DisplayList
DictOp.java,48,60,com.softhub.ps.DictOp$DefOp
DictOp.java,8,140,com.softhub.ps.DictOp
DictOp.java,62,74,com.softhub.ps.DictOp$StoreOp
DictOp.java,31,46,com.softhub.ps.DictOp$DictEndOp
DictOp.java,76,89,com.softhub.ps.DictOp$LoadOp
DictType.java,183,319,com.softhub.ps.DictType$DictNode
DictType.java,11,321,com.softhub.ps.DictType
AbstractFontDecoder.java,17,252,com.softhub.ps.AbstractFontDecoder
Interval.java,8,13,com.softhub.ps.Interval
..\viewer\FileBrowserLayout.java,10,61,com.softhub.ts.FileBrowserLayout
DictStack.java,8,60,com.softhub.ps.DictStack
Stop.java,8,145,com.softhub.ps.Stop
StringOp.java,8,149,com.softhub.ps.StringOp
util\CharWidth.java,11,104,com.softhub.ps.util.CharWidth
device\Bitmap.java,11,25,com.softhub.ps.device.Bitmap
ExStack.java,8,124,com.softhub.ps.ExStack
NameType.java,118,145,com.softhub.ps.NameType$Node
NameType.java,10,147,com.softhub.ps.NameType
NullType.java,8,38,com.softhub.ps.NullType
Stoppable.java,8,36,com.softhub.ps.Stoppable
Screen.java,8,42,com.softhub.ps.Screen
..\viewer\Page.java,28,476,com.softhub.ts.Page
image\ImageDataProducer.java,6,10,com.softhub.ps.image.ImageDataProducer
dl\ColorCommand.java,14,33,com.softhub.ps.dl.ColorCommand
image\ImageDecoder.java,7,77,com.softhub.ps.image.ImageDecoder
dl\Reusable.java,13,42,com.softhub.ps.dl.Reusable
SaveType.java,8,62,com.softhub.ps.SaveType
dl\Fill.java,11,21,com.softhub.ps.dl.Fill
Stack.java,8,229,com.softhub.ps.Stack
