VERSION: 1
OpStack.java,8,46,com.softhub.ps.OpStack
dl\StrokeCommand.java,11,21,com.softhub.ps.dl.StrokeCommand
MatrixOp.java,21,275,com.softhub.ps.MatrixOp
MiscOp.java,15,221,com.softhub.ps.MiscOp
filter\AbstractCodec.java,11,58,com.softhub.ps.filter.AbstractCodec
CharSequenceType.java,12,74,com.softhub.ps.CharSequenceType
device\DefaultBitmap.java,13,50,com.softhub.ps.device.DefaultBitmap
MarkType.java,8,34,com.softhub.ps.MarkType
device\PageEvent.java,8,33,com.softhub.ps.device.PageEvent
ControlOp.java,316,353,com.softhub.ps.ControlOp$ForActionOp
ControlOp.java,253,271,com.softhub.ps.ControlOp$RepeatOp
ControlOp.java,90,108,com.softhub.ps.ControlOp$StoppedOp
ControlOp.java,110,120,com.softhub.ps.ControlOp$StoppedActionOp
ControlOp.java,140,157,com.softhub.ps.ControlOp$LoopOp
ControlOp.java,294,314,com.softhub.ps.ControlOp$ForOp
ControlOp.java,355,375,com.softhub.ps.ControlOp$QuitOp
ControlOp.java,273,292,com.softhub.ps.ControlOp$RepeatActionOp
ControlOp.java,159,173,com.softhub.ps.ControlOp$LoopActionOp
ControlOp.java,175,202,com.softhub.ps.ControlOp$ForallOp
ControlOp.java,204,225,com.softhub.ps.ControlOp$ArrayForallActionOp
ControlOp.java,122,138,com.softhub.ps.ControlOp$IfOp
ControlOp.java,10,377,com.softhub.ps.ControlOp
ControlOp.java,227,251,com.softhub.ps.ControlOp$DictForallActionOp
RealType.java,8,53,com.softhub.ps.RealType
ImageOp.java,11,203,com.softhub.ps.ImageOp
device\CacheDevice.java,19,208,com.softhub.ps.device.CacheDevice
NewFilterType.java,14,58,com.softhub.ps.NewFilterType
NewFilterType.java,26,56,com.softhub.ps.NewFilterType$FilterNode
Interpreter.java,33,649,com.softhub.ps.Interpreter
filter\RunLengthCodec.java,10,67,com.softhub.ps.filter.RunLengthCodec
BoolOp.java,8,218,com.softhub.ps.BoolOp
util\CharStream.java,10,44,com.softhub.ps.util.CharStream
GStateOp.java,17,716,com.softhub.ps.GStateOp
device\PageDevice.java,10,79,com.softhub.ps.device.PageDevice
BoolType.java,8,59,com.softhub.ps.BoolType
VM.java,10,84,com.softhub.ps.VM
StackOp.java,56,66,com.softhub.ps.StackOp$PopOp
StackOp.java,68,78,com.softhub.ps.StackOp$DupOp
StackOp.java,8,92,com.softhub.ps.StackOp
StackOp.java,80,90,com.softhub.ps.StackOp$ExchOp
Scanner.java,10,389,com.softhub.ps.Scanner
GStack.java,8,22,com.softhub.ps.GStack
device\DisplayListDevice.java,17,107,com.softhub.ps.device.DisplayListDevice
FontDecoder.java,13,43,com.softhub.ps.FontDecoder
image\RGBPixelSource.java,6,14,com.softhub.ps.image.RGBPixelSource
VMOp.java,8,92,com.softhub.ps.VMOp
image\PixelSourceFactory.java,6,68,com.softhub.ps.image.PixelSourceFactory
CompositeType.java,30,72,com.softhub.ps.CompositeType$Node
CompositeType.java,8,74,com.softhub.ps.CompositeType
filter\ASCIIHexCodec.java,10,72,com.softhub.ps.filter.ASCIIHexCodec
util\Console.java,21,124,com.softhub.ps.util.Console
ArrayType.java,292,340,com.softhub.ps.ArrayType$ArrayNode
ArrayType.java,11,342,com.softhub.ps.ArrayType
ArrayType.java,276,290,com.softhub.ps.ArrayType$EnumElements
device\FontInfo.java,10,22,com.softhub.ps.device.FontInfo
SpecialFileType.java,10,24,com.softhub.ps.SpecialFileType
FontOp.java,14,273,com.softhub.ps.FontOp
FileOp.java,12,261,com.softhub.ps.FileOp
Any.java,8,181,com.softhub.ps.Any
dl\ShapeCommand.java,13,29,com.softhub.ps.dl.ShapeCommand
dl\ReusedObject.java,19,54,com.softhub.ps.dl.ReusedObject
dl\ImageCommand.java,15,47,com.softhub.ps.dl.ImageCommand
IntegerType.java,8,53,com.softhub.ps.IntegerType
FileType.java,12,611,com.softhub.ps.FileType
FileType.java,227,609,com.softhub.ps.FileType$FileNode
util\Archive.java,17,58,com.softhub.ps.util.Archive
Type3Decoder.java,13,64,com.softhub.ps.Type3Decoder
Type1Decoder.java,533,550,com.softhub.ps.Type1Decoder$CharFilter
Type1Decoder.java,15,552,com.softhub.ps.Type1Decoder
Type0Decoder.java,76,98,com.softhub.ps.Type0Decoder$MapType2Enum
Type0Decoder.java,13,100,com.softhub.ps.Type0Decoder
image\RGBSingleSourceDecoder.java,7,37,com.softhub.ps.image.RGBSingleSourceDecoder
device\DefaultPageDevice.java,15,258,com.softhub.ps.device.DefaultPageDevice
GraphicsState.java,26,1696,com.softhub.ps.GraphicsState
PathOp.java,201,231,com.softhub.ps.PathOp$Segment
PathOp.java,11,523,com.softhub.ps.PathOp
device\Device.java,16,65,com.softhub.ps.device.Device
dl\ClipShape.java,14,40,com.softhub.ps.dl.ClipShape
image\CMYKMultipleSourceDecoder.java,7,46,com.softhub.ps.image.CMYKMultipleSourceDecoder
dl\ClipInit.java,14,44,com.softhub.ps.dl.ClipInit
image\RGBMultipleSourceDecoder.java,7,39,com.softhub.ps.image.RGBMultipleSourceDecoder
image\GrayPixelSource.java,6,10,com.softhub.ps.image.GrayPixelSource
image\CMYKPixelSource.java,6,16,com.softhub.ps.image.CMYKPixelSource
OperatorType.java,29,65,com.softhub.ps.OperatorType
device\NullDevice.java,20,100,com.softhub.ps.device.NullDevice
device\AbstractDevice.java,24,303,com.softhub.ps.device.AbstractDevice
device\AbstractDevice.java,285,301,com.softhub.ps.device.AbstractDevice$State
device\NullBitmap.java,11,42,com.softhub.ps.device.NullBitmap
filter\SubFileCodec.java,11,60,com.softhub.ps.filter.SubFileCodec
filter\ASCII85Codec.java,11,90,com.softhub.ps.filter.ASCII85Codec
filter\Codec.java,11,31,com.softhub.ps.filter.Codec
device\CacheEntry.java,8,50,com.softhub.ps.device.CacheEntry
StringType.java,286,366,com.softhub.ps.StringType$StringNode
StringType.java,11,368,com.softhub.ps.StringType
StringType.java,265,284,com.softhub.ps.StringType$EnumElements
NumberType.java,8,29,com.softhub.ps.NumberType
GStateType.java,8,53,com.softhub.ps.GStateType
FontIDType.java,8,51,com.softhub.ps.FontIDType
FilterType.java,34,83,com.softhub.ps.FilterType$FilterNode
FilterType.java,11,85,com.softhub.ps.FilterType
util\Parameter.java,11,35,com.softhub.ps.util.Parameter
dl\Pen.java,13,32,com.softhub.ps.dl.Pen
device\PageEventListener.java,8,12,com.softhub.ps.device.PageEventListener
ReflectionOperator.java,6,38,com.softhub.ps.ReflectionOperator
ArrayOp.java,10,109,com.softhub.ps.ArrayOp
ArrayOp.java,46,56,com.softhub.ps.ArrayOp$MarkOp
ArrayOp.java,58,71,com.softhub.ps.ArrayOp$ArrayEndOp
ArithOp.java,18,373,com.softhub.ps.ArithOp
image\CMYKSingleSourceDecoder.java,7,43,com.softhub.ps.image.CMYKSingleSourceDecoder
filter\BinaryCodec.java,11,74,com.softhub.ps.filter.BinaryCodec
TypeOp.java,8,152,com.softhub.ps.TypeOp
ResourceOp.java,8,172,com.softhub.ps.ResourceOp
EExecCodec.java,14,141,com.softhub.ps.EExecCodec
util\Cache.java,12,64,com.softhub.ps.util.Cache
Enumerable.java,10,40,com.softhub.ps.Enumerable
dl\Command.java,13,21,com.softhub.ps.dl.Command
Types.java,8,27,com.softhub.ps.Types
dl\DisplayList.java,21,185,com.softhub.ps.dl.DisplayList
DictOp.java,8,110,com.softhub.ps.DictOp
DictOp.java,25,40,com.softhub.ps.DictOp$DictEndOp
DictType.java,183,319,com.softhub.ps.DictType$DictNode
DictType.java,11,321,com.softhub.ps.DictType
AbstractFontDecoder.java,17,256,com.softhub.ps.AbstractFontDecoder
Interval.java,8,13,com.softhub.ps.Interval
DictStack.java,8,60,com.softhub.ps.DictStack
Registration.java,27,85,com.softhub.Registration
Stop.java,8,134,com.softhub.ps.Stop
StringOp.java,8,146,com.softhub.ps.StringOp
util\CharWidth.java,11,99,com.softhub.ps.util.CharWidth
device\Bitmap.java,11,25,com.softhub.ps.device.Bitmap
NullType.java,8,34,com.softhub.ps.NullType
NameType.java,120,147,com.softhub.ps.NameType$Node
NameType.java,10,149,com.softhub.ps.NameType
ExStack.java,8,116,com.softhub.ps.ExStack
Stoppable.java,8,36,com.softhub.ps.Stoppable
Screen.java,8,42,com.softhub.ps.Screen
image\ImageDataProducer.java,6,10,com.softhub.ps.image.ImageDataProducer
dl\ColorCommand.java,14,33,com.softhub.ps.dl.ColorCommand
image\ImageDecoder.java,7,77,com.softhub.ps.image.ImageDecoder
dl\Reusable.java,13,42,com.softhub.ps.dl.Reusable
SaveType.java,8,58,com.softhub.ps.SaveType
dl\Fill.java,11,21,com.softhub.ps.dl.Fill
Stack.java,8,224,com.softhub.ps.Stack
